app/(dashboard)/clientes/actions.ts(10,34): error TS2339: Property 'errors' does not exist on type 'ZodError<{ nombre: string; telefono?: string | undefined; email?: string | undefined; }>'.
app/(dashboard)/clientes/actions.ts(29,34): error TS2339: Property 'errors' does not exist on type 'ZodError<{ nombre: string; telefono?: string | undefined; email?: string | undefined; }>'.
app/(dashboard)/clientes/actions.ts(61,34): error TS2339: Property 'errors' does not exist on type 'ZodError<{ patente: string; marca?: string | undefined; modelo?: string | undefined; anio?: number | undefined; }>'.
app/(dashboard)/clientes/actions.ts(87,34): error TS2339: Property 'errors' does not exist on type 'ZodError<{ patente: string; marca?: string | undefined; modelo?: string | undefined; anio?: number | undefined; }>'.
app/(dashboard)/compras/actions.ts(10,34): error TS2339: Property 'errors' does not exist on type 'ZodError<{ proveedor_id: string; items: { producto_id: string; cantidad: number; precio_unitario: number; }[]; notas?: string | undefined; }>'.
app/(dashboard)/ventas/actions.ts(10,34): error TS2339: Property 'errors' does not exist on type 'ZodError<{ estado: "presupuesto" | "confirmada" | "cancelada"; items: { producto_id: string; cantidad: number; precio_unitario: number; }[]; cliente_id?: string | undefined; auto_id?: string | undefined; metodo_pago?: "efectivo" | ... 2 more ... | undefined; notas?: string | undefined; }>'.
app/(dashboard)/ventas/actions.ts(201,34): error TS2339: Property 'errors' does not exist on type 'ZodError<{ estado: "presupuesto" | "confirmada" | "cancelada"; items: { producto_id: string; cantidad: number; precio_unitario: number; }[]; cliente_id?: string | undefined; auto_id?: string | undefined; metodo_pago?: "efectivo" | ... 2 more ... | undefined; notas?: string | undefined; }>'.
components/clientes/AutoModal.tsx(40,5): error TS2322: Type 'Resolver<{ patente: string; marca?: string | undefined; modelo?: string | undefined; anio?: unknown; }, any, { patente: string; marca?: string | undefined; modelo?: string | undefined; anio?: number | undefined; }>' is not assignable to type 'Resolver<{ patente: string; marca?: string | undefined; modelo?: string | undefined; anio?: number | undefined; }, any, { patente: string; marca?: string | undefined; modelo?: string | undefined; anio?: number | undefined; }>'.
  Types of parameters 'options' and 'options' are incompatible.
    Type 'ResolverOptions<{ patente: string; marca?: string | undefined; modelo?: string | undefined; anio?: number | undefined; }>' is not assignable to type 'ResolverOptions<{ patente: string; marca?: string | undefined; modelo?: string | undefined; anio?: unknown; }>'.
      Type 'unknown' is not assignable to type 'number | undefined'.
components/clientes/AutoModal.tsx(81,38): error TS2345: Argument of type '(data: { patente: string; marca?: string | undefined; modelo?: string | undefined; anio?: number | undefined; }) => void' is not assignable to parameter of type 'SubmitHandler<TFieldValues>'.
  Types of parameters 'data' and 'data' are incompatible.
    Type 'TFieldValues' is not assignable to type '{ patente: string; marca?: string | undefined; modelo?: string | undefined; anio?: number | undefined; }'.
      Property 'patente' is missing in type 'FieldValues' but required in type '{ patente: string; marca?: string | undefined; modelo?: string | undefined; anio?: number | undefined; }'.
components/clientes/ClienteTable.tsx(103,17): error TS2345: Argument of type 'Cliente[]' is not assignable to parameter of type 'Record<string, unknown>[]'.
  Type 'Cliente' is not assignable to type 'Record<string, unknown>'.
    Index signature for type 'string' is missing in type 'Cliente'.
components/stock/ProductoModal.tsx(60,5): error TS2322: Type 'Resolver<{ nombre: string; precio_venta: unknown; stock: unknown; stock_minimo: unknown; categoria?: string | undefined; codigo?: string | undefined; precio_costo?: unknown; proveedor_id?: string | undefined; descripcion?: string | undefined; }, any, { ...; }>' is not assignable to type 'Resolver<{ nombre: string; precio_venta: number; stock: number; stock_minimo: number; categoria?: string | undefined; codigo?: string | undefined; precio_costo?: number | undefined; proveedor_id?: string | undefined; descripcion?: string | undefined; }, any, { ...; }>'.
  Types of parameters 'options' and 'options' are incompatible.
    Type 'ResolverOptions<{ nombre: string; precio_venta: number; stock: number; stock_minimo: number; categoria?: string | undefined; codigo?: string | undefined; precio_costo?: number | undefined; proveedor_id?: string | undefined; descripcion?: string | undefined; }>' is not assignable to type 'ResolverOptions<{ nombre: string; precio_venta: unknown; stock: unknown; stock_minimo: unknown; categoria?: string | undefined; codigo?: string | undefined; precio_costo?: unknown; proveedor_id?: string | undefined; descripcion?: string | undefined; }>'.
      Type 'unknown' is not assignable to type 'number'.
components/stock/ProductoModal.tsx(139,38): error TS2345: Argument of type '(data: { nombre: string; precio_venta: number; stock: number; stock_minimo: number; categoria?: string | undefined; codigo?: string | undefined; precio_costo?: number | undefined; proveedor_id?: string | undefined; descripcion?: string | undefined; }) => void' is not assignable to parameter of type 'SubmitHandler<TFieldValues>'.
  Types of parameters 'data' and 'data' are incompatible.
    Type 'TFieldValues' is not assignable to type '{ nombre: string; precio_venta: number; stock: number; stock_minimo: number; categoria?: string | undefined; codigo?: string | undefined; precio_costo?: number | undefined; proveedor_id?: string | undefined; descripcion?: string | undefined; }'.
      Type 'FieldValues' is missing the following properties from type '{ nombre: string; precio_venta: number; stock: number; stock_minimo: number; categoria?: string | undefined; codigo?: string | undefined; precio_costo?: number | undefined; proveedor_id?: string | undefined; descripcion?: string | undefined; }': nombre, precio_venta, stock, stock_minimo
